// Jest Snapshot v1, https://goo.gl/fbAQLP

exports[`simple test generator generates interface definitions: json interface payload 1`] = `
Object {
  "Button": Object {
    "__return__": "JSX.Element",
    "props": Object {
      "test1": "string",
      "test2": Object {
        "xyz": "string",
      },
    },
  },
  "getProps": Object {
    "__return__": "{ x: number; y: string; }",
    "testx": Array [
      "number",
      "number[]",
      "import(\\"/home/frank/refactoring-metadata/src/fixtures/ImportedProp\\").ImportedProp",
      "MType",
    ],
  },
}
`;
