// Jest Snapshot v1, https://goo.gl/fbAQLP

exports[`basic examples test generator creates test naive cases 1`] = `
"

    /**
     * test for helloName
     */
  import {helloName}  from '../fixtures/Button.tsx'
    

    it('renders correctly', () => {
       // arrange
       const randomTestProps=name = {\\"string\\"}
   
       // act
      const result= helloName(randomTestProps)
        
        // assert
        expect(result).toBeEqual(\\"randomString\\"0.6425400058087802);
      });
    "
`;
