// Jest Snapshot v1, https://goo.gl/fbAQLP

exports[`basic examples test generator creates test naive cases 1`] = `
"

    /**
     * test for optional
     */
  import {optional}  from '../fixtures/Button.tsx'
    

    it('renders correctly', () => {
       // arrange
       const randomTestProps=val = {\\"string\\"}
   
       // act
      const result= optional(randomTestProps)
        
        // assert
        expect(result).toBeEqual(0 = {\\"yes\\"} 1 = {0});
      });
    "
`;
